[0m04:44:37.085344 [debug] [MainThread]: Sending event: {'category': 'dbt', 'action': 'invocation', 'label': 'start', 'context': [<snowplow_tracker.self_describing_json.SelfDescribingJson object at 0x7fe2c2e62060>, <snowplow_tracker.self_describing_json.SelfDescribingJson object at 0x7fe2c21fb500>, <snowplow_tracker.self_describing_json.SelfDescribingJson object at 0x7fe2c21fb860>]}


============================== 04:44:37.326142 | fb99d826-bd65-49b5-9328-07dfcae813cf ==============================
[0m04:44:37.326142 [info ] [MainThread]: Running with dbt=1.11.7
[0m04:44:37.327326 [debug] [MainThread]: running dbt with arguments {'target_path': 'None', 'empty': 'None', 'fail_fast': 'False', 'log_format': 'default', 'warn_error_options': 'WarnErrorOptionsV2(error=[], warn=[], silence=[])', 'use_colors': 'True', 'indirect_selection': 'eager', 'printer_width': '80', 'static_parser': 'True', 'send_anonymous_usage_stats': 'True', 'invocation_command': 'dbt parse --project-dir src/coreason_etl_mhra_products/dbt --profiles-dir src/coreason_etl_mhra_products/dbt', 'log_path': 'src/coreason_etl_mhra_products/dbt/logs', 'version_check': 'True', 'cache_selected_only': 'False', 'use_experimental_parser': 'False', 'introspect': 'True', 'warn_error': 'None', 'partial_parse': 'True', 'profiles_dir': 'src/coreason_etl_mhra_products/dbt', 'write_json': 'True', 'quiet': 'False', 'no_print': 'None', 'debug': 'False', 'log_cache_events': 'False'}
[0m04:44:37.732750 [debug] [MainThread]: Sending event: {'category': 'dbt', 'action': 'project_id', 'label': 'fb99d826-bd65-49b5-9328-07dfcae813cf', 'context': [<snowplow_tracker.self_describing_json.SelfDescribingJson object at 0x7fe2c21fa900>]}
[0m04:44:37.893889 [debug] [MainThread]: Sending event: {'category': 'dbt', 'action': 'adapter_info', 'label': 'fb99d826-bd65-49b5-9328-07dfcae813cf', 'context': [<snowplow_tracker.self_describing_json.SelfDescribingJson object at 0x7fe2c2730da0>]}
[0m04:44:37.895486 [info ] [MainThread]: Registered adapter: postgres=1.10.0
[0m04:44:38.033038 [debug] [MainThread]: checksum: b80718358155fc17c3559352095564dd56ada1cc1a1c0ef2e62c857e71583775, vars: {}, profile: , target: , version: 1.11.7
[0m04:44:38.034321 [info ] [MainThread]: Unable to do partial parsing because saved manifest not found. Starting full parse.
[0m04:44:38.035013 [debug] [MainThread]: Sending event: {'category': 'dbt', 'action': 'partial_parser', 'label': 'fb99d826-bd65-49b5-9328-07dfcae813cf', 'context': [<snowplow_tracker.self_describing_json.SelfDescribingJson object at 0x7fe2c1759a90>]}
[0m04:44:40.283976 [debug] [MainThread]: Sending event: {'category': 'dbt', 'action': 'load_project', 'label': 'fb99d826-bd65-49b5-9328-07dfcae813cf', 'context': [<snowplow_tracker.self_describing_json.SelfDescribingJson object at 0x7fe2c22198e0>]}
[0m04:44:40.291342 [info ] [MainThread]: Performance info: src/coreason_etl_mhra_products/dbt/target/perf_info.json
[0m04:44:40.409708 [debug] [MainThread]: Wrote artifact WritableManifest to src/coreason_etl_mhra_products/dbt/target/manifest.json
[0m04:44:40.413054 [debug] [MainThread]: Wrote artifact SemanticManifest to src/coreason_etl_mhra_products/dbt/target/semantic_manifest.json
[0m04:44:40.418301 [debug] [MainThread]: Resource report: {"command_name": "parse", "command_success": true, "command_wall_clock_time": 3.4834428, "process_in_blocks": "1786", "process_kernel_time": 1.611849, "process_mem_max_rss": "128420", "process_out_blocks": "30672", "process_user_time": 8.195015}
[0m04:44:40.419276 [debug] [MainThread]: Command `dbt parse` succeeded at 04:44:40.419009 after 3.48 seconds
[0m04:44:40.420205 [debug] [MainThread]: Sending event: {'category': 'dbt', 'action': 'invocation', 'label': 'end', 'context': [<snowplow_tracker.self_describing_json.SelfDescribingJson object at 0x7fe2c26d0fe0>, <snowplow_tracker.self_describing_json.SelfDescribingJson object at 0x7fe2c092ee70>, <snowplow_tracker.self_describing_json.SelfDescribingJson object at 0x7fe2c092f0b0>]}
[0m04:44:40.420881 [debug] [MainThread]: Flushing usage events
[0m04:44:40.630838 [debug] [MainThread]: An error was encountered while trying to flush usage events
[0m04:45:42.545862 [debug] [MainThread]: Sending event: {'category': 'dbt', 'action': 'invocation', 'label': 'start', 'context': [<snowplow_tracker.self_describing_json.SelfDescribingJson object at 0x7f53575bad50>, <snowplow_tracker.self_describing_json.SelfDescribingJson object at 0x7f535d0ae360>, <snowplow_tracker.self_describing_json.SelfDescribingJson object at 0x7f5356d24590>]}


============================== 04:45:42.568676 | c000143b-4699-4dd7-b633-90822c7d92f0 ==============================
[0m04:45:42.568676 [info ] [MainThread]: Running with dbt=1.11.7
[0m04:45:42.570837 [debug] [MainThread]: running dbt with arguments {'warn_error': 'None', 'log_cache_events': 'False', 'warn_error_options': 'WarnErrorOptionsV2(error=[], warn=[], silence=[])', 'use_experimental_parser': 'False', 'indirect_selection': 'eager', 'fail_fast': 'False', 'log_format': 'default', 'profiles_dir': '/app/src/coreason_etl_mhra_products/dbt', 'debug': 'False', 'use_colors': 'True', 'partial_parse': 'True', 'cache_selected_only': 'False', 'log_path': '/app/src/coreason_etl_mhra_products/dbt/logs', 'invocation_command': 'dbt ', 'empty': 'None', 'introspect': 'True', 'write_json': 'True', 'target_path': 'None', 'version_check': 'True', 'quiet': 'False', 'printer_width': '80', 'static_parser': 'True', 'no_print': 'None', 'send_anonymous_usage_stats': 'True'}
[0m04:45:43.255186 [debug] [MainThread]: Sending event: {'category': 'dbt', 'action': 'project_id', 'label': 'c000143b-4699-4dd7-b633-90822c7d92f0', 'context': [<snowplow_tracker.self_describing_json.SelfDescribingJson object at 0x7f5355707f50>]}
[0m04:45:43.531833 [debug] [MainThread]: Sending event: {'category': 'dbt', 'action': 'adapter_info', 'label': 'c000143b-4699-4dd7-b633-90822c7d92f0', 'context': [<snowplow_tracker.self_describing_json.SelfDescribingJson object at 0x7f53557ae1e0>]}
[0m04:45:43.534850 [info ] [MainThread]: Registered adapter: postgres=1.10.0
[0m04:45:43.782352 [debug] [MainThread]: checksum: b80718358155fc17c3559352095564dd56ada1cc1a1c0ef2e62c857e71583775, vars: {}, profile: , target: , version: 1.11.7
[0m04:45:44.194783 [debug] [MainThread]: Partial parsing enabled: 0 files deleted, 0 files added, 1 files changed.
[0m04:45:44.198181 [debug] [MainThread]: Partial parsing: updated file: coreason_etl_mhra://models/sources.yml
[0m04:45:45.759920 [debug] [MainThread]: Sending event: {'category': 'dbt', 'action': 'load_project', 'label': 'c000143b-4699-4dd7-b633-90822c7d92f0', 'context': [<snowplow_tracker.self_describing_json.SelfDescribingJson object at 0x7f5354b456a0>]}
[0m04:45:45.773861 [info ] [MainThread]: Performance info: /app/src/coreason_etl_mhra_products/dbt/target/perf_info.json
[0m04:45:46.174456 [debug] [MainThread]: Wrote artifact WritableManifest to /app/src/coreason_etl_mhra_products/dbt/target/manifest.json
[0m04:45:46.180012 [debug] [MainThread]: Wrote artifact SemanticManifest to /app/src/coreason_etl_mhra_products/dbt/target/semantic_manifest.json
[0m04:45:46.183148 [debug] [MainThread]: Resource report: {"command_name": "parse", "command_success": true, "command_wall_clock_time": 3.8801196, "process_in_blocks": "122", "process_kernel_time": 0.47476, "process_mem_max_rss": "142016", "process_out_blocks": "1840", "process_user_time": 10.507805}
[0m04:45:46.184821 [debug] [MainThread]: Command `cli parse` succeeded at 04:45:46.184477 after 3.88 seconds
[0m04:45:46.186188 [debug] [MainThread]: Sending event: {'category': 'dbt', 'action': 'invocation', 'label': 'end', 'context': [<snowplow_tracker.self_describing_json.SelfDescribingJson object at 0x7f5356d61ee0>, <snowplow_tracker.self_describing_json.SelfDescribingJson object at 0x7f5354bafdd0>, <snowplow_tracker.self_describing_json.SelfDescribingJson object at 0x7f5354bafef0>]}
[0m04:45:46.187514 [debug] [MainThread]: Flushing usage events
[0m04:45:46.388187 [debug] [MainThread]: An error was encountered while trying to flush usage events
[0m04:46:01.735438 [debug] [MainThread]: Sending event: {'category': 'dbt', 'action': 'invocation', 'label': 'start', 'context': [<snowplow_tracker.self_describing_json.SelfDescribingJson object at 0x7f3428216540>, <snowplow_tracker.self_describing_json.SelfDescribingJson object at 0x7f3428474b30>, <snowplow_tracker.self_describing_json.SelfDescribingJson object at 0x7f3427da5bb0>]}


============================== 04:46:01.742069 | d033fe26-04a6-4f99-b39f-d15829578f96 ==============================
[0m04:46:01.742069 [info ] [MainThread]: Running with dbt=1.11.7
[0m04:46:01.743087 [debug] [MainThread]: running dbt with arguments {'warn_error_options': 'WarnErrorOptionsV2(error=[], warn=[], silence=[])', 'partial_parse': 'True', 'static_parser': 'True', 'log_cache_events': 'False', 'log_path': '/app/src/coreason_etl_mhra_products/dbt/logs', 'debug': 'False', 'introspect': 'True', 'cache_selected_only': 'False', 'profiles_dir': '/app/src/coreason_etl_mhra_products/dbt', 'empty': 'None', 'no_print': 'None', 'indirect_selection': 'eager', 'target_path': 'None', 'use_colors': 'True', 'printer_width': '80', 'send_anonymous_usage_stats': 'True', 'use_experimental_parser': 'False', 'version_check': 'True', 'warn_error': 'None', 'invocation_command': 'dbt parse --project-dir /app/src/coreason_etl_mhra_products/dbt --profiles-dir /app/src/coreason_etl_mhra_products/dbt', 'fail_fast': 'False', 'write_json': 'True', 'log_format': 'default', 'quiet': 'False'}
[0m04:46:02.124065 [debug] [MainThread]: Sending event: {'category': 'dbt', 'action': 'project_id', 'label': 'd033fe26-04a6-4f99-b39f-d15829578f96', 'context': [<snowplow_tracker.self_describing_json.SelfDescribingJson object at 0x7f3427104710>]}
[0m04:46:02.291740 [debug] [MainThread]: Sending event: {'category': 'dbt', 'action': 'adapter_info', 'label': 'd033fe26-04a6-4f99-b39f-d15829578f96', 'context': [<snowplow_tracker.self_describing_json.SelfDescribingJson object at 0x7f3427e35910>]}
[0m04:46:02.293155 [info ] [MainThread]: Registered adapter: postgres=1.10.0
[0m04:46:02.413140 [debug] [MainThread]: checksum: b80718358155fc17c3559352095564dd56ada1cc1a1c0ef2e62c857e71583775, vars: {}, profile: , target: , version: 1.11.7
[0m04:46:02.585839 [debug] [MainThread]: Partial parsing enabled: 0 files deleted, 0 files added, 0 files changed.
[0m04:46:02.586537 [debug] [MainThread]: Nothing changed, skipping partial parsing.
[0m04:46:02.587038 [debug] [MainThread]: Partial parsing enabled, no changes found, skipping parsing
[0m04:46:02.650228 [debug] [MainThread]: Sending event: {'category': 'dbt', 'action': 'load_project', 'label': 'd033fe26-04a6-4f99-b39f-d15829578f96', 'context': [<snowplow_tracker.self_describing_json.SelfDescribingJson object at 0x7f342706f980>]}
[0m04:46:02.656413 [info ] [MainThread]: Performance info: /app/src/coreason_etl_mhra_products/dbt/target/perf_info.json
[0m04:46:02.781900 [debug] [MainThread]: Wrote artifact WritableManifest to /app/src/coreason_etl_mhra_products/dbt/target/manifest.json
[0m04:46:02.784999 [debug] [MainThread]: Wrote artifact SemanticManifest to /app/src/coreason_etl_mhra_products/dbt/target/semantic_manifest.json
[0m04:46:02.786598 [debug] [MainThread]: Resource report: {"command_name": "parse", "command_success": true, "command_wall_clock_time": 1.1979679, "process_in_blocks": "34", "process_kernel_time": 0.283626, "process_mem_max_rss": "118052", "process_out_blocks": "912", "process_user_time": 3.81037}
[0m04:46:02.787455 [debug] [MainThread]: Command `dbt parse` succeeded at 04:46:02.787269 after 1.20 seconds
[0m04:46:02.788078 [debug] [MainThread]: Sending event: {'category': 'dbt', 'action': 'invocation', 'label': 'end', 'context': [<snowplow_tracker.self_describing_json.SelfDescribingJson object at 0x7f3427b68b90>, <snowplow_tracker.self_describing_json.SelfDescribingJson object at 0x7f3427e37a10>, <snowplow_tracker.self_describing_json.SelfDescribingJson object at 0x7f3427e36270>]}
[0m04:46:02.788668 [debug] [MainThread]: Flushing usage events
[0m04:46:02.967685 [debug] [MainThread]: An error was encountered while trying to flush usage events
[0m06:42:32.833417 [debug] [MainThread]: Sending event: {'category': 'dbt', 'action': 'invocation', 'label': 'start', 'context': [<snowplow_tracker.self_describing_json.SelfDescribingJson object at 0x7f05b7f42990>, <snowplow_tracker.self_describing_json.SelfDescribingJson object at 0x7f05b9f67320>, <snowplow_tracker.self_describing_json.SelfDescribingJson object at 0x7f05b79bedb0>]}
[0m06:42:32.834578 [debug] [MainThread]: Sending event: {'category': 'dbt', 'action': 'invocation', 'label': 'start', 'context': [<snowplow_tracker.self_describing_json.SelfDescribingJson object at 0x7fc7a45ee7b0>, <snowplow_tracker.self_describing_json.SelfDescribingJson object at 0x7fc7a6bc2f00>, <snowplow_tracker.self_describing_json.SelfDescribingJson object at 0x7fc7a3d9aff0>]}


============================== 06:42:32.847564 | 091685c0-6c4f-41cb-8d61-64e0585918d1 ==============================
[0m06:42:32.847564 [info ] [MainThread]: Running with dbt=1.11.7


============================== 06:42:32.847552 | 9995a67e-958e-4a10-aed6-16516f21a35f ==============================
[0m06:42:32.847552 [info ] [MainThread]: Running with dbt=1.11.7
[0m06:42:32.848669 [debug] [MainThread]: running dbt with arguments {'quiet': 'False', 'partial_parse': 'True', 'fail_fast': 'False', 'warn_error': 'None', 'write_json': 'True', 'printer_width': '80', 'send_anonymous_usage_stats': 'True', 'warn_error_options': 'WarnErrorOptionsV2(error=[], warn=[], silence=[])', 'no_print': 'None', 'cache_selected_only': 'False', 'introspect': 'True', 'invocation_command': 'dbt parse --project-dir /app/src/coreason_etl_mhra_products/dbt --profiles-dir /app/src/coreason_etl_mhra_products/dbt', 'profiles_dir': '/app/src/coreason_etl_mhra_products/dbt', 'use_experimental_parser': 'False', 'indirect_selection': 'eager', 'use_colors': 'True', 'target_path': 'None', 'version_check': 'True', 'static_parser': 'True', 'log_format': 'default', 'debug': 'False', 'log_cache_events': 'False', 'empty': 'None', 'log_path': '/app/src/coreason_etl_mhra_products/dbt/logs'}
[0m06:42:32.848729 [debug] [MainThread]: running dbt with arguments {'log_format': 'default', 'printer_width': '80', 'invocation_command': 'dbt parse --project-dir src/coreason_etl_mhra_products/dbt --profiles-dir src/coreason_etl_mhra_products/dbt', 'static_parser': 'True', 'introspect': 'True', 'no_print': 'None', 'log_cache_events': 'False', 'debug': 'False', 'use_colors': 'True', 'use_experimental_parser': 'False', 'target_path': 'None', 'fail_fast': 'False', 'indirect_selection': 'eager', 'empty': 'None', 'warn_error_options': 'WarnErrorOptionsV2(error=[], warn=[], silence=[])', 'log_path': 'src/coreason_etl_mhra_products/dbt/logs', 'version_check': 'True', 'quiet': 'False', 'send_anonymous_usage_stats': 'True', 'write_json': 'True', 'warn_error': 'None', 'cache_selected_only': 'False', 'partial_parse': 'True', 'profiles_dir': 'src/coreason_etl_mhra_products/dbt'}
[0m06:42:33.347295 [debug] [MainThread]: Sending event: {'category': 'dbt', 'action': 'project_id', 'label': '091685c0-6c4f-41cb-8d61-64e0585918d1', 'context': [<snowplow_tracker.self_describing_json.SelfDescribingJson object at 0x7fc7a4a602c0>]}
[0m06:42:33.405943 [debug] [MainThread]: Sending event: {'category': 'dbt', 'action': 'project_id', 'label': '9995a67e-958e-4a10-aed6-16516f21a35f', 'context': [<snowplow_tracker.self_describing_json.SelfDescribingJson object at 0x7f05b6f7c2f0>]}
[0m06:42:33.519598 [debug] [MainThread]: Sending event: {'category': 'dbt', 'action': 'adapter_info', 'label': '091685c0-6c4f-41cb-8d61-64e0585918d1', 'context': [<snowplow_tracker.self_describing_json.SelfDescribingJson object at 0x7fc7a46a07a0>]}
[0m06:42:33.521043 [info ] [MainThread]: Registered adapter: postgres=1.10.0
[0m06:42:33.575172 [debug] [MainThread]: Sending event: {'category': 'dbt', 'action': 'adapter_info', 'label': '9995a67e-958e-4a10-aed6-16516f21a35f', 'context': [<snowplow_tracker.self_describing_json.SelfDescribingJson object at 0x7f05b9030cb0>]}
[0m06:42:33.576512 [info ] [MainThread]: Registered adapter: postgres=1.10.0
[0m06:42:33.661280 [debug] [MainThread]: checksum: b80718358155fc17c3559352095564dd56ada1cc1a1c0ef2e62c857e71583775, vars: {}, profile: , target: , version: 1.11.7
[0m06:42:33.710741 [debug] [MainThread]: checksum: b80718358155fc17c3559352095564dd56ada1cc1a1c0ef2e62c857e71583775, vars: {}, profile: , target: , version: 1.11.7
[0m06:42:33.905866 [debug] [MainThread]: Partial parsing enabled: 0 files deleted, 0 files added, 0 files changed.
[0m06:42:33.906489 [debug] [MainThread]: Nothing changed, skipping partial parsing.
[0m06:42:33.907044 [debug] [MainThread]: Partial parsing enabled, no changes found, skipping parsing
[0m06:42:33.926985 [debug] [MainThread]: Partial parsing enabled: 0 files deleted, 0 files added, 1 files changed.
[0m06:42:33.928416 [debug] [MainThread]: Partial parsing: updated file: coreason_etl_mhra://models/sources.yml
[0m06:42:33.970784 [debug] [MainThread]: Sending event: {'category': 'dbt', 'action': 'load_project', 'label': '091685c0-6c4f-41cb-8d61-64e0585918d1', 'context': [<snowplow_tracker.self_describing_json.SelfDescribingJson object at 0x7fc7a326f4d0>]}
[0m06:42:33.977796 [info ] [MainThread]: Performance info: /app/src/coreason_etl_mhra_products/dbt/target/perf_info.json
[0m06:42:34.114234 [debug] [MainThread]: Wrote artifact WritableManifest to /app/src/coreason_etl_mhra_products/dbt/target/manifest.json
[0m06:42:34.117777 [debug] [MainThread]: Wrote artifact SemanticManifest to /app/src/coreason_etl_mhra_products/dbt/target/semantic_manifest.json
[0m06:42:34.119674 [debug] [MainThread]: Resource report: {"command_name": "parse", "command_success": true, "command_wall_clock_time": 1.4530224, "process_in_blocks": "38", "process_kernel_time": 1.252144, "process_mem_max_rss": "118012", "process_out_blocks": "912", "process_user_time": 4.176531}
[0m06:42:34.120562 [debug] [MainThread]: Command `dbt parse` succeeded at 06:42:34.120349 after 1.45 seconds
[0m06:42:34.121163 [debug] [MainThread]: Sending event: {'category': 'dbt', 'action': 'invocation', 'label': 'end', 'context': [<snowplow_tracker.self_describing_json.SelfDescribingJson object at 0x7fc7a33761b0>, <snowplow_tracker.self_describing_json.SelfDescribingJson object at 0x7fc7a3376780>, <snowplow_tracker.self_describing_json.SelfDescribingJson object at 0x7fc7a2cebc50>]}
[0m06:42:34.121788 [debug] [MainThread]: Flushing usage events
[0m06:42:34.342614 [debug] [MainThread]: An error was encountered while trying to flush usage events
[0m06:42:34.881980 [debug] [MainThread]: Sending event: {'category': 'dbt', 'action': 'load_project', 'label': '9995a67e-958e-4a10-aed6-16516f21a35f', 'context': [<snowplow_tracker.self_describing_json.SelfDescribingJson object at 0x7f05b59ff320>]}
[0m06:42:34.889338 [info ] [MainThread]: Performance info: src/coreason_etl_mhra_products/dbt/target/perf_info.json
[0m06:42:35.093525 [debug] [MainThread]: Wrote artifact WritableManifest to src/coreason_etl_mhra_products/dbt/target/manifest.json
[0m06:42:35.096956 [debug] [MainThread]: Wrote artifact SemanticManifest to src/coreason_etl_mhra_products/dbt/target/semantic_manifest.json
[0m06:42:35.098636 [debug] [MainThread]: Resource report: {"command_name": "parse", "command_success": true, "command_wall_clock_time": 2.4348311, "process_in_blocks": "46", "process_kernel_time": 1.416253, "process_mem_max_rss": "125344", "process_out_blocks": "1816", "process_user_time": 5.080915}
[0m06:42:35.099345 [debug] [MainThread]: Command `dbt parse` succeeded at 06:42:35.099183 after 2.44 seconds
[0m06:42:35.100070 [debug] [MainThread]: Sending event: {'category': 'dbt', 'action': 'invocation', 'label': 'end', 'context': [<snowplow_tracker.self_describing_json.SelfDescribingJson object at 0x7f05b71482f0>, <snowplow_tracker.self_describing_json.SelfDescribingJson object at 0x7f05b59ebd10>, <snowplow_tracker.self_describing_json.SelfDescribingJson object at 0x7f05b59ebf20>]}
[0m06:42:35.100723 [debug] [MainThread]: Flushing usage events
[0m06:42:35.279041 [debug] [MainThread]: An error was encountered while trying to flush usage events
[0m06:47:10.513166 [debug] [MainThread]: Sending event: {'category': 'dbt', 'action': 'invocation', 'label': 'start', 'context': [<snowplow_tracker.self_describing_json.SelfDescribingJson object at 0x7f9cf6a020c0>, <snowplow_tracker.self_describing_json.SelfDescribingJson object at 0x7f9cf3015f40>, <snowplow_tracker.self_describing_json.SelfDescribingJson object at 0x7f9cf3015f10>]}


============================== 06:47:10.523225 | 13fa0e52-ac81-4ecc-b3ca-0ba4d93a6df5 ==============================
[0m06:47:10.523225 [info ] [MainThread]: Running with dbt=1.11.7
[0m06:47:10.524256 [debug] [MainThread]: running dbt with arguments {'write_json': 'True', 'version_check': 'True', 'invocation_command': 'dbt parse --project-dir src/coreason_etl_mhra_products/dbt --profiles-dir src/coreason_etl_mhra_products/dbt', 'quiet': 'False', 'indirect_selection': 'eager', 'use_colors': 'True', 'empty': 'None', 'partial_parse': 'True', 'warn_error_options': 'WarnErrorOptionsV2(error=[], warn=[], silence=[])', 'use_experimental_parser': 'False', 'fail_fast': 'False', 'no_print': 'None', 'introspect': 'True', 'log_path': 'src/coreason_etl_mhra_products/dbt/logs', 'printer_width': '80', 'log_cache_events': 'False', 'cache_selected_only': 'False', 'send_anonymous_usage_stats': 'True', 'debug': 'False', 'profiles_dir': 'src/coreason_etl_mhra_products/dbt', 'warn_error': 'None', 'log_format': 'default', 'static_parser': 'True', 'target_path': 'None'}
[0m06:47:10.959431 [debug] [MainThread]: Sending event: {'category': 'dbt', 'action': 'project_id', 'label': '13fa0e52-ac81-4ecc-b3ca-0ba4d93a6df5', 'context': [<snowplow_tracker.self_describing_json.SelfDescribingJson object at 0x7f9cf59d5a30>]}
[0m06:47:11.125096 [debug] [MainThread]: Sending event: {'category': 'dbt', 'action': 'adapter_info', 'label': '13fa0e52-ac81-4ecc-b3ca-0ba4d93a6df5', 'context': [<snowplow_tracker.self_describing_json.SelfDescribingJson object at 0x7f9cf3b28da0>]}
[0m06:47:11.126398 [info ] [MainThread]: Registered adapter: postgres=1.10.0
[0m06:47:11.269732 [debug] [MainThread]: checksum: b80718358155fc17c3559352095564dd56ada1cc1a1c0ef2e62c857e71583775, vars: {}, profile: , target: , version: 1.11.7
[0m06:47:11.471451 [debug] [MainThread]: Partial parsing enabled: 0 files deleted, 0 files added, 0 files changed.
[0m06:47:11.472184 [debug] [MainThread]: Nothing changed, skipping partial parsing.
[0m06:47:11.472704 [debug] [MainThread]: Partial parsing enabled, no changes found, skipping parsing
[0m06:47:11.532997 [debug] [MainThread]: Sending event: {'category': 'dbt', 'action': 'load_project', 'label': '13fa0e52-ac81-4ecc-b3ca-0ba4d93a6df5', 'context': [<snowplow_tracker.self_describing_json.SelfDescribingJson object at 0x7f9cf1ef9a30>]}
[0m06:47:11.538905 [info ] [MainThread]: Performance info: src/coreason_etl_mhra_products/dbt/target/perf_info.json
[0m06:47:11.671051 [debug] [MainThread]: Wrote artifact WritableManifest to src/coreason_etl_mhra_products/dbt/target/manifest.json
[0m06:47:11.674336 [debug] [MainThread]: Wrote artifact SemanticManifest to src/coreason_etl_mhra_products/dbt/target/semantic_manifest.json
[0m06:47:11.676073 [debug] [MainThread]: Resource report: {"command_name": "parse", "command_success": true, "command_wall_clock_time": 1.3653262, "process_in_blocks": "84", "process_kernel_time": 1.068561, "process_mem_max_rss": "118208", "process_out_blocks": "920", "process_user_time": 4.425948}
[0m06:47:11.676903 [debug] [MainThread]: Command `dbt parse` succeeded at 06:47:11.676732 after 1.37 seconds
[0m06:47:11.677488 [debug] [MainThread]: Sending event: {'category': 'dbt', 'action': 'invocation', 'label': 'end', 'context': [<snowplow_tracker.self_describing_json.SelfDescribingJson object at 0x7f9cf3cf0920>, <snowplow_tracker.self_describing_json.SelfDescribingJson object at 0x7f9cf3015f40>, <snowplow_tracker.self_describing_json.SelfDescribingJson object at 0x7f9cf3017e30>]}
[0m06:47:11.678105 [debug] [MainThread]: Flushing usage events
[0m06:47:11.895704 [debug] [MainThread]: An error was encountered while trying to flush usage events
